Copyright 1986-2022 Xilinx, Inc. All Rights Reserved.
------------------------------------------------------------------------------------
| Tool Version : Vivado v.2022.2 (win64) Build 3671981 Fri Oct 14 05:00:03 MDT 2022
| Date         : Mon Apr 20 20:35:03 2026
| Host         : Lomash-HP running 64-bit major release  (build 9200)
| Command      : report_control_sets -verbose -file top_control_sets_placed.rpt
| Design       : top
| Device       : xc7a35t
------------------------------------------------------------------------------------

Control Set Information

Table of Contents
-----------------
1. Summary
2. Histogram
3. Flip-Flop Distribution
4. Detailed Control Set Information

1. Summary
----------

+----------------------------------------------------------+-------+
|                          Status                          | Count |
+----------------------------------------------------------+-------+
| Total control sets                                       |    46 |
|    Minimum number of control sets                        |    46 |
|    Addition due to synthesis replication                 |     0 |
|    Addition due to physical synthesis replication        |     0 |
| Unused register locations in slices containing registers |   116 |
+----------------------------------------------------------+-------+
* Control sets can be merged at opt_design using control_set_merge or merge_equivalent_drivers
** Run report_qor_suggestions for automated merging and remapping suggestions


2. Histogram
------------

+--------------------+-------+
|       Fanout       | Count |
+--------------------+-------+
| Total control sets |    46 |
| >= 0 to < 4        |    13 |
| >= 4 to < 6        |     2 |
| >= 6 to < 8        |     0 |
| >= 8 to < 10       |    10 |
| >= 10 to < 12      |     0 |
| >= 12 to < 14      |     0 |
| >= 14 to < 16      |     3 |
| >= 16              |    18 |
+--------------------+-------+
* Control sets can be remapped at either synth_design or opt_design


3. Flip-Flop Distribution
-------------------------

+--------------+-----------------------+------------------------+-----------------+--------------+
| Clock Enable | Synchronous Set/Reset | Asynchronous Set/Reset | Total Registers | Total Slices |
+--------------+-----------------------+------------------------+-----------------+--------------+
| No           | No                    | No                     |              25 |           11 |
| No           | No                    | Yes                    |               0 |            0 |
| No           | Yes                   | No                     |              20 |           14 |
| Yes          | No                    | No                     |              88 |           33 |
| Yes          | No                    | Yes                    |               0 |            0 |
| Yes          | Yes                   | No                     |             407 |          122 |
+--------------+-----------------------+------------------------+-----------------+--------------+


4. Detailed Control Set Information
-----------------------------------

+----------------+----------------------------------------------------+---------------------------------------------------+------------------+----------------+--------------+
|  Clock Signal  |                    Enable Signal                   |                  Set/Reset Signal                 | Slice Load Count | Bel Load Count | Bels / Slice |
+----------------+----------------------------------------------------+---------------------------------------------------+------------------+----------------+--------------+
|  clk_IBUF_BUFG | tx_inst/E[3]                                       | btnC_IBUF                                         |                1 |              1 |         1.00 |
|  clk_IBUF_BUFG | tx_inst/E[2]                                       | btnC_IBUF                                         |                1 |              1 |         1.00 |
|  clk_IBUF_BUFG | rx_inst/rx_data[0]_i_1_n_0                         |                                                   |                1 |              1 |         1.00 |
|  clk_IBUF_BUFG | tx_inst/E[1]                                       | btnC_IBUF                                         |                1 |              1 |         1.00 |
|  clk_IBUF_BUFG | rx_inst/rx_data[2]_i_1_n_0                         |                                                   |                1 |              1 |         1.00 |
|  clk_IBUF_BUFG | tx_inst/E[0]                                       | btnC_IBUF                                         |                1 |              1 |         1.00 |
|  clk_IBUF_BUFG | rx_inst/rx_data[1]_i_1_n_0                         |                                                   |                1 |              1 |         1.00 |
|  clk_IBUF_BUFG | rx_inst/rx_data[6]_i_1_n_0                         |                                                   |                1 |              1 |         1.00 |
|  clk_IBUF_BUFG | rx_inst/rx_data[3]_i_1_n_0                         |                                                   |                1 |              1 |         1.00 |
|  clk_IBUF_BUFG | rx_inst/rx_data[4]_i_1_n_0                         |                                                   |                1 |              1 |         1.00 |
|  clk_IBUF_BUFG | rx_inst/rx_data[5]_i_1_n_0                         |                                                   |                1 |              1 |         1.00 |
|  clk_IBUF_BUFG | rx_inst/rx_data[7]_i_1_n_0                         |                                                   |                1 |              1 |         1.00 |
|  clk_IBUF_BUFG | led[4]_i_1_n_0                                     | btnC_IBUF                                         |                1 |              1 |         1.00 |
|  clk_IBUF_BUFG | tx_inst/tx_done_reg_0                              | tx_inst/FSM_sequential_state_reg[2]_0             |                1 |              4 |         4.00 |
|  clk_IBUF_BUFG | tx_inst/tx_done_reg_0                              | tx_inst/FSM_sequential_state_reg[1]_0             |                1 |              4 |         4.00 |
|  clk_IBUF_BUFG | core/blur_pipe_1/row_inst/pixel_out_valid_reg_0[0] | btnC_IBUF                                         |                3 |              8 |         2.67 |
|  clk_IBUF_BUFG | rx_inst/clk_count[7]_i_1_n_0                       |                                                   |                3 |              8 |         2.67 |
|  clk_IBUF_BUFG | core/blur_pipe_1/row_inst/row_valid                | core/blur_pipe_1/col_inst/col_count[7]_i_1__0_n_0 |                2 |              8 |         4.00 |
|  clk_IBUF_BUFG | core/blur_pipe_1/rd_data_valid_reg_n_0             | core/blur_pipe_1/row_inst/col_count[7]_i_1_n_0    |                2 |              8 |         4.00 |
|  clk_IBUF_BUFG | tx_inst/tx_data_reg_2                              |                                                   |                1 |              8 |         8.00 |
|  clk_IBUF_BUFG | tx_inst/clock_count_1                              | tx_inst/tx_done0                                  |                3 |              8 |         2.67 |
|  clk_IBUF_BUFG | core/blur_pipe_2/row_inst/pixel_out_valid_reg_0[0] | btnC_IBUF                                         |                3 |              8 |         2.67 |
|  clk_IBUF_BUFG | core/blur_pipe_2/row_inst/row_valid                | core/blur_pipe_2/col_inst/col_count[7]_i_1__2_n_0 |                2 |              8 |         4.00 |
|  clk_IBUF_BUFG | core/blur_pipe_2/rd_data_valid_reg_n_0             | core/blur_pipe_2/row_inst/col_count[7]_i_1__1_n_0 |                2 |              8 |         4.00 |
|  clk_IBUF_BUFG | core/blur_pipe_1/E[0]                              | btnC_IBUF                                         |                3 |              8 |         2.67 |
|  clk_IBUF_BUFG | core/dog_valid_out                                 | out_buf/wr_addr[0]_i_1_n_0                        |                4 |             14 |         3.50 |
|  clk_IBUF_BUFG | rx_inst/E[0]                                       | btnC_IBUF                                         |                4 |             15 |         3.75 |
|  clk_IBUF_BUFG | tx_inst/tx_done_reg_1                              | btnC_IBUF                                         |                5 |             15 |         3.00 |
|  clk_IBUF_BUFG | core/blur_pipe_2/read_count[15]_i_1__0_n_0         | btnC_IBUF                                         |                3 |             16 |         5.33 |
|  clk_IBUF_BUFG | core/blur_pipe_1/col_inst/E[0]                     | btnC_IBUF                                         |                6 |             16 |         2.67 |
|  clk_IBUF_BUFG | core/blur_pipe_2/col_inst/math_valid               | btnC_IBUF                                         |                5 |             16 |         3.20 |
|  clk_IBUF_BUFG | core/blur_pipe_1/row_inst/math_valid               | btnC_IBUF                                         |                5 |             16 |         3.20 |
|  clk_IBUF_BUFG | core/blur_pipe_2/col_inst/start_dog_reg[0]         | btnC_IBUF                                         |                5 |             16 |         3.20 |
|  clk_IBUF_BUFG | core/blur_pipe_1/flush_count[15]_i_1_n_0           | btnC_IBUF                                         |                4 |             16 |         4.00 |
|  clk_IBUF_BUFG | core/blur_pipe_2/row_inst/math_valid               | btnC_IBUF                                         |                4 |             16 |         4.00 |
|  clk_IBUF_BUFG | core/blur_pipe_2/col_inst/E[0]                     | btnC_IBUF                                         |                5 |             16 |         3.20 |
|  clk_IBUF_BUFG | core/blur_pipe_2/flush_count[15]_i_1__0_n_0        | btnC_IBUF                                         |                4 |             16 |         4.00 |
|  clk_IBUF_BUFG | core/blur_pipe_1/col_inst/math_valid               | btnC_IBUF                                         |                4 |             16 |         4.00 |
|  clk_IBUF_BUFG | core/blur_pipe_1/col_inst/start_dog_reg[0]         | btnC_IBUF                                         |                4 |             16 |         4.00 |
|  clk_IBUF_BUFG |                                                    | btnC_IBUF                                         |               14 |             20 |         1.43 |
|  clk_IBUF_BUFG |                                                    |                                                   |               11 |             25 |         2.27 |
|  clk_IBUF_BUFG | core/blur_pipe_1/read_count[15]_i_1_n_0            | btnC_IBUF                                         |                7 |             30 |         4.29 |
|  clk_IBUF_BUFG | core/blur_pipe_2/rd_data_valid_reg_n_0             | btnC_IBUF                                         |               14 |             40 |         2.86 |
|  clk_IBUF_BUFG | core/blur_pipe_1/rd_data_valid_reg_n_0             | btnC_IBUF                                         |               12 |             40 |         3.33 |
|  clk_IBUF_BUFG | core/blur_pipe_2/row_inst/t4                       |                                                   |               23 |             80 |         3.48 |
|  clk_IBUF_BUFG | core/blur_pipe_1/row_inst/t4                       |                                                   |               22 |             80 |         3.64 |
+----------------+----------------------------------------------------+---------------------------------------------------+------------------+----------------+--------------+


